{"helixMC": {
    "0": {
        "h1-h2": ["h1", "s01", "s02", "h2"],
        "h2-h1": ["h2", "s02", "s01", "h1"],
        "h1-h8": ["h1", "s01", "s02", "s04", "s05", "s08", "h8"],
        "h2-h8": ["h2", "s02", "s04", "s05", "s08", "h8"],
        "h8-h1": ["h8", "s08", "s05", "s04", "s02", "s01", "h1"],
        "h8-h2": ["h8", "s08", "s05", "s04", "s02", "h2"]
    }, "1": {
        "h1-h2": ["h1", "s01", "s02", "h2"],
        "h2-h1": ["h2", "s02", "s01", "h1"],
        "h1-h8": ["h1", "s01", "s02", "s04", "s05", "s08", "h8"],
        "h2-h8": ["h2", "s02", "s04", "s05", "s08", "h8"],
        "h8-h1": ["h8", "s08", "s05", "s04", "s02", "s01", "h1"],
        "h8-h2": ["h8", "s08", "s05", "s04", "s02", "h2"]
    }, "2": {
        "h1-h2": ["h1", "s01", "s02", "h2"],
        "h2-h1": ["h2", "s02", "s01", "h1"],
        "h1-h8": ["h1", "s01", "s02", "s04", "s05", "s08", "h8"],
        "h2-h8": ["h2", "s02", "s04", "s05", "s08", "h8"],
        "h8-h1": ["h8", "s08", "s05", "s04", "s02", "s01", "h1"],
        "h8-h2": ["h8", "s08", "s05", "s04", "s02", "h2"]
    }, "3": {
        "h1-h2": ["h1", "s01", "s02", "h2"],
        "h2-h1": ["h2", "s02", "s01", "h1"],
        "h1-h8": ["h1", "s01", "s02", "s06", "s05", "s08", "h8"],
        "h2-h8": ["h2", "s02", "s04", "s05", "s08", "h8"],
        "h8-h1": ["h8", "s08", "s05", "s04", "s02", "s01", "h1"],
        "h8-h2": ["h8", "s08", "s05", "s04", "s02", "h2"]
    }, "4": {
        "h1-h2": ["h1", "s01", "s02", "h2"],
        "h2-h1": ["h2", "s02", "s01", "h1"],
        "h1-h8": ["h1", "s01", "s02", "s06", "s05", "s08", "h8"],
        "h2-h8": ["h2", "s02", "s06", "s05", "s08", "h8"],
        "h8-h1": ["h8", "s08", "s05", "s04", "s02", "s01", "h1"],
        "h8-h2": ["h8", "s08", "s05", "s04", "s02", "h2"]
    }, "5": {
        "h1-h2": ["h1", "s01", "s02", "h2"],
        "h2-h1": ["h2", "s02", "s01", "h1"],
        "h1-h8": ["h1", "s01", "s02", "s06", "s05", "s07", "s09", "s08", "h8"],
        "h2-h8": ["h2", "s02", "s06", "s05", "s08", "h8"],
        "h8-h1": ["h8", "s08", "s05", "s04", "s02", "s01", "h1"],
        "h8-h2": ["h8", "s08", "s05", "s04", "s02", "h2"]
    }, "6": {
        "h1-h2": ["h1", "s01", "s02", "h2"],
        "h2-h1": ["h2", "s02", "s01", "h1"],
        "h1-h8": ["h1", "s01", "s02", "s10", "s12", "s14", "s15", "s09", "s08", "h8"],
        "h2-h8": ["h2", "s02", "s06", "s05", "s08", "h8"],
        "h8-h1": ["h8", "s08", "s05", "s04", "s02", "s01", "h1"],
        "h8-h2": ["h8", "s08", "s05", "s04", "s02", "h2"]
    }, "7": {
        "h1-h2": ["h1", "s01", "s02", "h2"],
        "h2-h1": ["h2", "s02", "s01", "h1"],
        "h1-h8": ["h1", "s01", "s02", "s10", "s12", "s14", "s15", "s09", "s08", "h8"],
        "h2-h8": ["h2", "s02", "s06", "s05", "s07", "s09", "s08", "h8"],
        "h8-h1": ["h8", "s08", "s05", "s04", "s02", "s01", "h1"],
        "h8-h2": ["h8", "s08", "s05", "s04", "s02", "h2"]
    }
}}
