{"HelixMC": {
    "0": {
        "h1-h2": ["h1", "s1", "s2", "h2"],
        "h2-h1": ["h2", "s2", "s1", "h1"],
        "h1-h8": ["h1", "s1", "s2", "s4", "s5", "s8", "h8"],
        "h2-h8": ["h2", "s2", "s4", "s5", "s8", "h8"],
        "h8-h1": ["h8", "s8", "s5", "s4", "s2", "s1", "h1"],
        "h8-h2": ["h8", "s8", "s5", "s4", "s2", "h2"]
    }, "1": {
        "h1-h2": ["h1", "s1", "s2", "h2"],
        "h2-h1": ["h2", "s2", "s1", "h1"],
        "h1-h8": ["h1", "s1", "s2", "s4", "s5", "s8", "h8"],
        "h2-h8": ["h2", "s2", "s4", "s5", "s8", "h8"],
        "h8-h1": ["h8", "s8", "s5", "s4", "s2", "s1", "h1"],
        "h8-h2": ["h8", "s8", "s5", "s4", "s2", "h2"]
    }, "2": {
        "h1-h2": ["h1", "s1", "s2", "h2"],
        "h2-h1": ["h2", "s2", "s1", "h1"],
        "h1-h8": ["h1", "s1", "s2", "s4", "s5", "s8", "h8"],
        "h2-h8": ["h2", "s2", "s4", "s5", "s8", "h8"],
        "h8-h1": ["h8", "s8", "s5", "s4", "s2", "s1", "h1"],
        "h8-h2": ["h8", "s8", "s5", "s4", "s2", "h2"]
    }, "3": {
        "h1-h2": ["h1", "s1", "s2", "h2"],
        "h2-h1": ["h2", "s2", "s1", "h1"],
        "h1-h8": ["h1", "s1", "s2", "s6", "s5", "s7", "s9", "s8", "h8"],
        "h2-h8": ["h2", "s2", "s4", "s5", "s8", "h8"],
        "h8-h1": ["h8", "s8", "s5", "s4", "s2", "s1", "h1"],
        "h8-h2": ["h8", "s8", "s5", "s4", "s2", "h2"]
    }, "4": {
        "h1-h2": ["h1", "s1", "s2", "h2"],
        "h2-h1": ["h2", "s2", "s1", "h1"],
        "h1-h8": ["h1", "s1", "s2", "s6", "s5", "s7", "s9", "s8", "h8"],
        "h2-h8": ["h2", "s2", "s6", "s5", "s7", "s9", "s8", "h8"],
        "h8-h1": ["h8", "s8", "s5", "s4", "s2", "s1", "h1"],
        "h8-h2": ["h8", "s8", "s5", "s4", "s2", "h2"]
    }, "5": {
        "h1-h2": ["h1", "s1", "s2", "h2"],
        "h2-h1": ["h2", "s2", "s1", "h1"],
        "h1-h8": ["h1", "s1", "s2", "s6", "s5", "s7", "s9", "s8", "h8"],
        "h2-h8": ["h2", "s2", "s10", "s12", "s14", "s15", "s9", "s8", "h8"],
        "h8-h1": ["h8", "s8", "s5", "s4", "s2", "s1", "h1"],
        "h8-h2": ["h8", "s8", "s5", "s4", "s2", "h2"]
    }, "6": {
        "h1-h2": ["h1", "s1", "s2", "h2"],
        "h2-h1": ["h2", "s2", "s1", "h1"],
        "h1-h8": ["h1", "s1", "s2", "s10", "s12", "s14", "s15", "s9", "s8", "h8"],
        "h2-h8": ["h2", "s2", "s10", "s12", "s14", "s15", "s9", "s8", "h8"],
        "h8-h1": ["h8", "s8", "s5", "s4", "s2", "s1", "h1"],
        "h8-h2": ["h8", "s8", "s5", "s4", "s2", "h2"]
    }
}}
